[demos2.crazycafe.net/inviting/vershions/index.html]
[backblue.gif]
[fade.gif]
[index.html]
[demos2.crazycafe.net/inviting/vershions/img/img-icons/fevicon.png]
[demos2.crazycafe.net/inviting/vershions/index-2.html]
[demos2.crazycafe.net/inviting/vershions/about.html]
[demos2.crazycafe.net/inviting/vershions/schedule.html]
[demos2.crazycafe.net/inviting/vershions/speakers.html]
[demos2.crazycafe.net/inviting/vershions/pricing.html]
[demos2.crazycafe.net/inviting/vershions/contact.html]
[demos2.crazycafe.net/inviting/vershions/img/about-one.jpg]
[demos2.crazycafe.net/inviting/vershions/img/about-two.jpg]
[demos2.crazycafe.net/inviting/vershions/registration.html]
[demos2.crazycafe.net/inviting/vershions/img/schedule-speaker-1.jpg]
[demos2.crazycafe.net/inviting/vershions/img/schedule-speaker-2.jpg]
[demos2.crazycafe.net/inviting/vershions/img/schedule-speaker-3.jpg]
[demos2.crazycafe.net/inviting/vershions/img/schedule-speaker-4.jpg]
[demos2.crazycafe.net/inviting/vershions/img/speaker-1.jpg]
[demos2.crazycafe.net/inviting/vershions/img/speaker-2.jpg]
[demos2.crazycafe.net/inviting/vershions/img/speaker-3.jpg]
[demos2.crazycafe.net/inviting/vershions/img/client-1.jpg]
[demos2.crazycafe.net/inviting/vershions/img/client-2.jpg]
[demos2.crazycafe.net/inviting/vershions/img/sponsor-1.jpg]
[demos2.crazycafe.net/inviting/vershions/img/sponsor-2.jpg]
[demos2.crazycafe.net/inviting/vershions/img/sponsor-3.jpg]
[demos2.crazycafe.net/inviting/vershions/img/sponsor-4.jpg]
[demos2.crazycafe.net/inviting/vershions/img/sponsor-5.jpg]
[demos2.crazycafe.net/inviting/vershions/img/sponsor-6.jpg]
[code.jquery.com/jquery-migrate-1.2.1.min.js]
[cdnjs.cloudflare.com/ajax/libs/waypoints/2.0.3/waypoints.min.js]
[demos2.crazycafe.net/inviting/vershions/index.html]
[demos2.crazycafe.net/inviting/vershions/img/header-bg.jpg]
[demos2.crazycafe.net/inviting/vershions/img/cta-bg.jpg]
[demos2.crazycafe.net/inviting/vershions/img/subscribe-bg.jpg]
[demos2.crazycafe.net/inviting/vershions/img/testimonial-bg.jpg]
[demos2.crazycafe.net/inviting/vershions/img/img-icons/price-border.jpg]
[demos2.crazycafe.net/inviting/vershions/img/reg-bg.jpg]
[demos2.crazycafe.net/inviting/vershions/img/img-icons/faq-after-bg.jpg]
[demos2.crazycafe.net/inviting/vershions/img/img-icons/faq-after-bg-2.png]
[demos2.crazycafe.net/inviting/vershions/style.css]
[demos2.crazycafe.net/inviting/vershions/img/img-icons/loading2.gif]
[demos2.crazycafe.net/inviting/vershions/css/responsive.css]
[demos2.crazycafe.net/inviting/vershions/index-2.html]
[demos2.crazycafe.net/inviting/vershions/img/img-icons/fact-icon-attend.png]
[demos2.crazycafe.net/inviting/vershions/img/img-icons/fact-icon-days.png]
[demos2.crazycafe.net/inviting/vershions/img/img-icons/fact-icon-ticket.png]
[demos2.crazycafe.net/inviting/vershions/img/img-icons/fact-icon-hall.png]
[demos2.crazycafe.net/inviting/vershions/img/gellary/small-img-1.jpg]
[demos2.crazycafe.net/inviting/vershions/img/gellary/small-img-2.jpg]
[demos2.crazycafe.net/inviting/vershions/img/gellary/small-img-3.jpg]
[demos2.crazycafe.net/inviting/vershions/about.html]
[demos2.crazycafe.net/inviting/vershions/img/about_slide-2.jpg]
[demos2.crazycafe.net/inviting/vershions/img/about_slide-3.jpg]
[demos2.crazycafe.net/inviting/vershions/img/about_slide-1.jpg]
[demos2.crazycafe.net/inviting/vershions/img/gellary/img-1.jpg]
[demos2.crazycafe.net/inviting/vershions/img/gellary/img-2.jpg]
[demos2.crazycafe.net/inviting/vershions/img/gellary/img-3.jpg]
[demos2.crazycafe.net/inviting/vershions/img/gellary/img-4.jpg]
[demos2.crazycafe.net/inviting/vershions/img/gellary/img-5.jpg]
[demos2.crazycafe.net/inviting/vershions/img/gellary/img-6.jpg]
[demos2.crazycafe.net/inviting/vershions/schedule.html]
[raw.githubusercontent.com/daneden/animate.css/master/animate.css]
[demos2.crazycafe.net/inviting/vershions/img/slide-speaker-1.jpg]
[demos2.crazycafe.net/inviting/vershions/img/slide-speaker-2.jpg]
[demos2.crazycafe.net/inviting/vershions/img/slide-speaker-3.jpg]
[demos2.crazycafe.net/inviting/vershions/img/slide-speaker-4.jpg]
[demos2.crazycafe.net/inviting/vershions/img/slide-speaker-5.jpg]
[demos2.crazycafe.net/inviting/vershions/img/slide-speaker-6.jpg]
[demos2.crazycafe.net/inviting/vershions/speakers.html]
[demos2.crazycafe.net/inviting/vershions/pricing.html]
[demos2.crazycafe.net/inviting/vershions/contact.html]
[demos2.crazycafe.net/inviting/vershions/registration.html]
[demos2.crazycafe.net/inviting/vershions/js/jquery-1.12.3.min.js]
[demos2.crazycafe.net/inviting/vershions/js/slick.min.js]
[demos2.crazycafe.net/inviting/vershions/js/jquery.counterup.min.js]
[demos2.crazycafe.net/inviting/vershions/js/count.down.js]
[demos2.crazycafe.net/inviting/vershions/js/venobox.min.js]
[demos2.crazycafe.net/inviting/vershions/js/owl.carousel.min.js]
[demos2.crazycafe.net/inviting/vershions/Popover requires tooltip.js]
[demos2.crazycafe.net/inviting/vershions/js/bootstrap.min.js]
[demos2.crazycafe.net/inviting/vershions/js/masonry.pkgd.min.js]
[demos2.crazycafe.net/inviting/vershions/js/active.js]
[demos2.crazycafe.net/inviting/vershions/fonts/glyphicons-halflings-regular.eot]
[demos2.crazycafe.net/inviting/vershions/fonts/glyphicons-halflings-regulard41d.eot]
[demos2.crazycafe.net/inviting/vershions/fonts/glyphicons-halflings-regular.woff2]
[demos2.crazycafe.net/inviting/vershions/fonts/glyphicons-halflings-regular.woff]
[demos2.crazycafe.net/inviting/vershions/fonts/glyphicons-halflings-regular.ttf]
[demos2.crazycafe.net/inviting/vershions/css/bootstrap.min.css]
[demos2.crazycafe.net/inviting/vershions/fonts/fontawesome-webfont3295.eot]
[demos2.crazycafe.net/inviting/vershions/fonts/fontawesome-webfontd41d.eot]
[demos2.crazycafe.net/inviting/vershions/fonts/fontawesome-webfont3295.woff2]
[demos2.crazycafe.net/inviting/vershions/fonts/fontawesome-webfont3295.woff]
[demos2.crazycafe.net/inviting/vershions/fonts/fontawesome-webfont3295.ttf]
[demos2.crazycafe.net/inviting/vershions/css/font-awesome.min.css]
[demos2.crazycafe.net/inviting/vershions/css/accordion.css]
[demos2.crazycafe.net/inviting/vershions/fonts/et-line.eot]
[demos2.crazycafe.net/inviting/vershions/fonts/et-line.woff]
[demos2.crazycafe.net/inviting/vershions/fonts/et-line.ttf]
[demos2.crazycafe.net/inviting/vershions/fonts/et-lined41d.eot]
[demos2.crazycafe.net/inviting/vershions/css/et-line.css]
[demos2.crazycafe.net/inviting/vershions/css/owl.video.play.png]
[demos2.crazycafe.net/inviting/vershions/css/owl.carousel.css]
[demos2.crazycafe.net/inviting/vershions/css/slick.css]
[demos2.crazycafe.net/inviting/vershions/img/venobox/preload-circle.png]
[demos2.crazycafe.net/inviting/vershions/img/venobox/close.gif]
[demos2.crazycafe.net/inviting/vershions/img/venobox/prev.gif]
[demos2.crazycafe.net/inviting/vershions/img/venobox/next.gif]
[demos2.crazycafe.net/inviting/vershions/css/venobox.css]
[demos2.crazycafe.net/inviting/vershions/img/img-icons/loading2.html]
[raw.githubusercontent.com/daneden/animate.css/master/animate.css]
[demos2.crazycafe.net/inviting/vershions/Popover requires tooltip.html]
[demos2.crazycafe.net/inviting/vershions/fonts/glyphicons-halflings-regular.svg]
[demos2.crazycafe.net/inviting/vershions/fonts/fontawesome-webfont3295.svg]
[demos2.crazycafe.net/inviting/vershions/fonts/et-line.svg]
[demos2.crazycafe.net/inviting/vershions/css/owl.video.play.html]
